==21373== Memcheck, a memory error detector
==21373== Copyright (C) 2002-2017, and GNU GPL'd, by Julian Seward et al.
==21373== Using Valgrind-3.18.1 and LibVEX; rerun with -h for copyright info
==21373== Command: ./monty bytecodes/000.m
==21373== Parent PID: 20638
==21373== 
==21373== error calling PR_SET_PTRACER, vgdb might block
==21373== Invalid write of size 8
==21373==    at 0x1098CC: push (in /home/elhennawy/alx/monty/monty)
==21373==    by 0x1095D9: main (in /home/elhennawy/alx/monty/monty)
==21373==  Address 0x4a8b570 is 8 bytes after a block of size 8 alloc'd
==21373==    at 0x4848899: malloc (in /usr/libexec/valgrind/vgpreload_memcheck-amd64-linux.so)
==21373==    by 0x109853: push (in /home/elhennawy/alx/monty/monty)
==21373==    by 0x1095D9: main (in /home/elhennawy/alx/monty/monty)
==21373== 
==21373== Invalid write of size 8
==21373==    at 0x1098D8: push (in /home/elhennawy/alx/monty/monty)
==21373==    by 0x1095D9: main (in /home/elhennawy/alx/monty/monty)
==21373==  Address 0x4a8b568 is 0 bytes after a block of size 8 alloc'd
==21373==    at 0x4848899: malloc (in /usr/libexec/valgrind/vgpreload_memcheck-amd64-linux.so)
==21373==    by 0x109853: push (in /home/elhennawy/alx/monty/monty)
==21373==    by 0x1095D9: main (in /home/elhennawy/alx/monty/monty)
==21373== 
==21373== Invalid write of size 8
==21373==    at 0x1098F5: push (in /home/elhennawy/alx/monty/monty)
==21373==    by 0x1095D9: main (in /home/elhennawy/alx/monty/monty)
==21373==  Address 0x4a8b568 is 0 bytes after a block of size 8 alloc'd
==21373==    at 0x4848899: malloc (in /usr/libexec/valgrind/vgpreload_memcheck-amd64-linux.so)
==21373==    by 0x109853: push (in /home/elhennawy/alx/monty/monty)
==21373==    by 0x1095D9: main (in /home/elhennawy/alx/monty/monty)
==21373== 
==21373== Invalid write of size 8
==21373==    at 0x109901: push (in /home/elhennawy/alx/monty/monty)
==21373==    by 0x1095D9: main (in /home/elhennawy/alx/monty/monty)
==21373==  Address 0x4a8b5c0 is 8 bytes after a block of size 8 alloc'd
==21373==    at 0x4848899: malloc (in /usr/libexec/valgrind/vgpreload_memcheck-amd64-linux.so)
==21373==    by 0x109853: push (in /home/elhennawy/alx/monty/monty)
==21373==    by 0x1095D9: main (in /home/elhennawy/alx/monty/monty)
==21373== 
==21373== Invalid write of size 8
==21373==    at 0x109909: push (in /home/elhennawy/alx/monty/monty)
==21373==    by 0x1095D9: main (in /home/elhennawy/alx/monty/monty)
==21373==  Address 0x4a8b5b8 is 0 bytes after a block of size 8 alloc'd
==21373==    at 0x4848899: malloc (in /usr/libexec/valgrind/vgpreload_memcheck-amd64-linux.so)
==21373==    by 0x109853: push (in /home/elhennawy/alx/monty/monty)
==21373==    by 0x1095D9: main (in /home/elhennawy/alx/monty/monty)
==21373== 
==21373== Invalid read of size 8
==21373==    at 0x10977A: pop (in /home/elhennawy/alx/monty/monty)
==21373==    by 0x1095D9: main (in /home/elhennawy/alx/monty/monty)
==21373==  Address 0x4a8b610 is 8 bytes after a block of size 8 alloc'd
==21373==    at 0x4848899: malloc (in /usr/libexec/valgrind/vgpreload_memcheck-amd64-linux.so)
==21373==    by 0x109853: push (in /home/elhennawy/alx/monty/monty)
==21373==    by 0x1095D9: main (in /home/elhennawy/alx/monty/monty)
==21373== 
==21373== Invalid read of size 8
==21373==    at 0x109671: pall (in /home/elhennawy/alx/monty/monty)
==21373==    by 0x1095D9: main (in /home/elhennawy/alx/monty/monty)
==21373==  Address 0x4a8b660 is 8 bytes after a block of size 8 alloc'd
==21373==    at 0x4848899: malloc (in /usr/libexec/valgrind/vgpreload_memcheck-amd64-linux.so)
==21373==    by 0x109853: push (in /home/elhennawy/alx/monty/monty)
==21373==    by 0x1095D9: main (in /home/elhennawy/alx/monty/monty)
==21373== 
==21373== Invalid read of size 4
==21373==    at 0x48EEA66: _IO_flush_all_lockp (genops.c:701)
==21373==    by 0x48EEB7D: _IO_cleanup (genops.c:866)
==21373==    by 0x48A5541: __run_exit_handlers (exit.c:134)
==21373==    by 0x48A560F: exit (exit.c:143)
==21373==    by 0x109772: pop (in /home/elhennawy/alx/monty/monty)
==21373==    by 0x1095D9: main (in /home/elhennawy/alx/monty/monty)
==21373==  Address 0x4a8b100 is 192 bytes inside a block of size 472 free'd
==21373==    at 0x484B27F: free (in /usr/libexec/valgrind/vgpreload_memcheck-amd64-linux.so)
==21373==    by 0x109760: pop (in /home/elhennawy/alx/monty/monty)
==21373==    by 0x1095D9: main (in /home/elhennawy/alx/monty/monty)
==21373==  Block was alloc'd at
==21373==    at 0x4848899: malloc (in /usr/libexec/valgrind/vgpreload_memcheck-amd64-linux.so)
==21373==    by 0x48DF64D: __fopen_internal (iofopen.c:65)
==21373==    by 0x48DF64D: fopen@@GLIBC_2.2.5 (iofopen.c:86)
==21373==    by 0x109533: main (in /home/elhennawy/alx/monty/monty)
==21373== 
==21373== Invalid read of size 8
==21373==    at 0x48EEA75: _IO_flush_all_lockp (genops.c:701)
==21373==    by 0x48EEB7D: _IO_cleanup (genops.c:866)
==21373==    by 0x48A5541: __run_exit_handlers (exit.c:134)
==21373==    by 0x48A560F: exit (exit.c:143)
==21373==    by 0x109772: pop (in /home/elhennawy/alx/monty/monty)
==21373==    by 0x1095D9: main (in /home/elhennawy/alx/monty/monty)
==21373==  Address 0x4a8b060 is 32 bytes inside a block of size 472 free'd
==21373==    at 0x484B27F: free (in /usr/libexec/valgrind/vgpreload_memcheck-amd64-linux.so)
==21373==    by 0x109760: pop (in /home/elhennawy/alx/monty/monty)
==21373==    by 0x1095D9: main (in /home/elhennawy/alx/monty/monty)
==21373==  Block was alloc'd at
==21373==    at 0x4848899: malloc (in /usr/libexec/valgrind/vgpreload_memcheck-amd64-linux.so)
==21373==    by 0x48DF64D: __fopen_internal (iofopen.c:65)
==21373==    by 0x48DF64D: fopen@@GLIBC_2.2.5 (iofopen.c:86)
==21373==    by 0x109533: main (in /home/elhennawy/alx/monty/monty)
==21373== 
==21373== Invalid read of size 8
==21373==    at 0x48EEA79: _IO_flush_all_lockp (genops.c:701)
==21373==    by 0x48EEB7D: _IO_cleanup (genops.c:866)
==21373==    by 0x48A5541: __run_exit_handlers (exit.c:134)
==21373==    by 0x48A560F: exit (exit.c:143)
==21373==    by 0x109772: pop (in /home/elhennawy/alx/monty/monty)
==21373==    by 0x1095D9: main (in /home/elhennawy/alx/monty/monty)
==21373==  Address 0x4a8b068 is 40 bytes inside a block of size 472 free'd
==21373==    at 0x484B27F: free (in /usr/libexec/valgrind/vgpreload_memcheck-amd64-linux.so)
==21373==    by 0x109760: pop (in /home/elhennawy/alx/monty/monty)
==21373==    by 0x1095D9: main (in /home/elhennawy/alx/monty/monty)
==21373==  Block was alloc'd at
==21373==    at 0x4848899: malloc (in /usr/libexec/valgrind/vgpreload_memcheck-amd64-linux.so)
==21373==    by 0x48DF64D: __fopen_internal (iofopen.c:65)
==21373==    by 0x48DF64D: fopen@@GLIBC_2.2.5 (iofopen.c:86)
==21373==    by 0x109533: main (in /home/elhennawy/alx/monty/monty)
==21373== 
==21373== Invalid read of size 8
==21373==    at 0x48EEA13: _IO_flush_all_lockp (genops.c:695)
==21373==    by 0x48EEB7D: _IO_cleanup (genops.c:866)
==21373==    by 0x48A5541: __run_exit_handlers (exit.c:134)
==21373==    by 0x48A560F: exit (exit.c:143)
==21373==    by 0x109772: pop (in /home/elhennawy/alx/monty/monty)
==21373==    by 0x1095D9: main (in /home/elhennawy/alx/monty/monty)
==21373==  Address 0x4a8b0a8 is 104 bytes inside a block of size 472 free'd
==21373==    at 0x484B27F: free (in /usr/libexec/valgrind/vgpreload_memcheck-amd64-linux.so)
==21373==    by 0x109760: pop (in /home/elhennawy/alx/monty/monty)
==21373==    by 0x1095D9: main (in /home/elhennawy/alx/monty/monty)
==21373==  Block was alloc'd at
==21373==    at 0x4848899: malloc (in /usr/libexec/valgrind/vgpreload_memcheck-amd64-linux.so)
==21373==    by 0x48DF64D: __fopen_internal (iofopen.c:65)
==21373==    by 0x48DF64D: fopen@@GLIBC_2.2.5 (iofopen.c:86)
==21373==    by 0x109533: main (in /home/elhennawy/alx/monty/monty)
==21373== 
==21373== Invalid read of size 4
==21373==    at 0x48EEBFC: IO_validate_vtable (libioP.h:940)
==21373==    by 0x48EEBFC: _IO_unbuffer_all (genops.c:824)
==21373==    by 0x48EEBFC: _IO_cleanup (genops.c:875)
==21373==    by 0x48A5541: __run_exit_handlers (exit.c:134)
==21373==    by 0x48A560F: exit (exit.c:143)
==21373==    by 0x109772: pop (in /home/elhennawy/alx/monty/monty)
==21373==    by 0x1095D9: main (in /home/elhennawy/alx/monty/monty)
==21373==  Address 0x4a8b040 is 0 bytes inside a block of size 472 free'd
==21373==    at 0x484B27F: free (in /usr/libexec/valgrind/vgpreload_memcheck-amd64-linux.so)
==21373==    by 0x109760: pop (in /home/elhennawy/alx/monty/monty)
==21373==    by 0x1095D9: main (in /home/elhennawy/alx/monty/monty)
==21373==  Block was alloc'd at
==21373==    at 0x4848899: malloc (in /usr/libexec/valgrind/vgpreload_memcheck-amd64-linux.so)
==21373==    by 0x48DF64D: __fopen_internal (iofopen.c:65)
==21373==    by 0x48DF64D: fopen@@GLIBC_2.2.5 (iofopen.c:86)
==21373==    by 0x109533: main (in /home/elhennawy/alx/monty/monty)
==21373== 
==21373== Invalid read of size 4
==21373==    at 0x48EEC21: _IO_unbuffer_all (genops.c:801)
==21373==    by 0x48EEC21: _IO_cleanup (genops.c:875)
==21373==    by 0x48A5541: __run_exit_handlers (exit.c:134)
==21373==    by 0x48A560F: exit (exit.c:143)
==21373==    by 0x109772: pop (in /home/elhennawy/alx/monty/monty)
==21373==    by 0x1095D9: main (in /home/elhennawy/alx/monty/monty)
==21373==  Address 0x4a8b100 is 192 bytes inside a block of size 472 free'd
==21373==    at 0x484B27F: free (in /usr/libexec/valgrind/vgpreload_memcheck-amd64-linux.so)
==21373==    by 0x109760: pop (in /home/elhennawy/alx/monty/monty)
==21373==    by 0x1095D9: main (in /home/elhennawy/alx/monty/monty)
==21373==  Block was alloc'd at
==21373==    at 0x4848899: malloc (in /usr/libexec/valgrind/vgpreload_memcheck-amd64-linux.so)
==21373==    by 0x48DF64D: __fopen_internal (iofopen.c:65)
==21373==    by 0x48DF64D: fopen@@GLIBC_2.2.5 (iofopen.c:86)
==21373==    by 0x109533: main (in /home/elhennawy/alx/monty/monty)
==21373== 
==21373== Invalid read of size 8
==21373==    at 0x48EEC2C: _IO_unbuffer_all (genops.c:807)
==21373==    by 0x48EEC2C: _IO_cleanup (genops.c:875)
==21373==    by 0x48A5541: __run_exit_handlers (exit.c:134)
==21373==    by 0x48A560F: exit (exit.c:143)
==21373==    by 0x109772: pop (in /home/elhennawy/alx/monty/monty)
==21373==    by 0x1095D9: main (in /home/elhennawy/alx/monty/monty)
==21373==  Address 0x4a8b0c8 is 136 bytes inside a block of size 472 free'd
==21373==    at 0x484B27F: free (in /usr/libexec/valgrind/vgpreload_memcheck-amd64-linux.so)
==21373==    by 0x109760: pop (in /home/elhennawy/alx/monty/monty)
==21373==    by 0x1095D9: main (in /home/elhennawy/alx/monty/monty)
==21373==  Block was alloc'd at
==21373==    at 0x4848899: malloc (in /usr/libexec/valgrind/vgpreload_memcheck-amd64-linux.so)
==21373==    by 0x48DF64D: __fopen_internal (iofopen.c:65)
==21373==    by 0x48DF64D: fopen@@GLIBC_2.2.5 (iofopen.c:86)
==21373==    by 0x109533: main (in /home/elhennawy/alx/monty/monty)
==21373== 
==21373== Invalid read of size 8
==21373==    at 0x48EEC41: _IO_unbuffer_all (genops.c:807)
==21373==    by 0x48EEC41: _IO_cleanup (genops.c:875)
==21373==    by 0x48A5541: __run_exit_handlers (exit.c:134)
==21373==    by 0x48A560F: exit (exit.c:143)
==21373==    by 0x109772: pop (in /home/elhennawy/alx/monty/monty)
==21373==    by 0x1095D9: main (in /home/elhennawy/alx/monty/monty)
==21373==  Address 0x4a8b128 is 232 bytes inside a block of size 472 free'd
==21373==    at 0x484B27F: free (in /usr/libexec/valgrind/vgpreload_memcheck-amd64-linux.so)
==21373==    by 0x109760: pop (in /home/elhennawy/alx/monty/monty)
==21373==    by 0x1095D9: main (in /home/elhennawy/alx/monty/monty)
==21373==  Block was alloc'd at
==21373==    at 0x4848899: malloc (in /usr/libexec/valgrind/vgpreload_memcheck-amd64-linux.so)
==21373==    by 0x48DF64D: __fopen_internal (iofopen.c:65)
==21373==    by 0x48DF64D: fopen@@GLIBC_2.2.5 (iofopen.c:86)
==21373==    by 0x109533: main (in /home/elhennawy/alx/monty/monty)
==21373== 
==21373== Invalid read of size 4
==21373==    at 0x48EEC52: _IO_unbuffer_all (genops.c:807)
==21373==    by 0x48EEC52: _IO_cleanup (genops.c:875)
==21373==    by 0x48A5541: __run_exit_handlers (exit.c:134)
==21373==    by 0x48A560F: exit (exit.c:143)
==21373==    by 0x109772: pop (in /home/elhennawy/alx/monty/monty)
==21373==    by 0x1095D9: main (in /home/elhennawy/alx/monty/monty)
==21373==  Address 0x4a8b120 is 224 bytes inside a block of size 472 free'd
==21373==    at 0x484B27F: free (in /usr/libexec/valgrind/vgpreload_memcheck-amd64-linux.so)
==21373==    by 0x109760: pop (in /home/elhennawy/alx/monty/monty)
==21373==    by 0x1095D9: main (in /home/elhennawy/alx/monty/monty)
==21373==  Block was alloc'd at
==21373==    at 0x4848899: malloc (in /usr/libexec/valgrind/vgpreload_memcheck-amd64-linux.so)
==21373==    by 0x48DF64D: __fopen_internal (iofopen.c:65)
==21373==    by 0x48DF64D: fopen@@GLIBC_2.2.5 (iofopen.c:86)
==21373==    by 0x109533: main (in /home/elhennawy/alx/monty/monty)
==21373== 
==21373== Invalid read of size 8
==21373==    at 0x48EEC5C: _IO_unbuffer_all (genops.c:807)
==21373==    by 0x48EEC5C: _IO_cleanup (genops.c:875)
==21373==    by 0x48A5541: __run_exit_handlers (exit.c:134)
==21373==    by 0x48A560F: exit (exit.c:143)
==21373==    by 0x109772: pop (in /home/elhennawy/alx/monty/monty)
==21373==    by 0x1095D9: main (in /home/elhennawy/alx/monty/monty)
==21373==  Address 0x4a8b0c8 is 136 bytes inside a block of size 472 free'd
==21373==    at 0x484B27F: free (in /usr/libexec/valgrind/vgpreload_memcheck-amd64-linux.so)
==21373==    by 0x109760: pop (in /home/elhennawy/alx/monty/monty)
==21373==    by 0x1095D9: main (in /home/elhennawy/alx/monty/monty)
==21373==  Block was alloc'd at
==21373==    at 0x4848899: malloc (in /usr/libexec/valgrind/vgpreload_memcheck-amd64-linux.so)
==21373==    by 0x48DF64D: __fopen_internal (iofopen.c:65)
==21373==    by 0x48DF64D: fopen@@GLIBC_2.2.5 (iofopen.c:86)
==21373==    by 0x109533: main (in /home/elhennawy/alx/monty/monty)
==21373== 
==21373== Invalid write of size 8
==21373==    at 0x48EEC63: _IO_unbuffer_all (genops.c:807)
==21373==    by 0x48EEC63: _IO_cleanup (genops.c:875)
==21373==    by 0x48A5541: __run_exit_handlers (exit.c:134)
==21373==    by 0x48A560F: exit (exit.c:143)
==21373==    by 0x109772: pop (in /home/elhennawy/alx/monty/monty)
==21373==    by 0x1095D9: main (in /home/elhennawy/alx/monty/monty)
==21373==  Address 0x4a8b128 is 232 bytes inside a block of size 472 free'd
==21373==    at 0x484B27F: free (in /usr/libexec/valgrind/vgpreload_memcheck-amd64-linux.so)
==21373==    by 0x109760: pop (in /home/elhennawy/alx/monty/monty)
==21373==    by 0x1095D9: main (in /home/elhennawy/alx/monty/monty)
==21373==  Block was alloc'd at
==21373==    at 0x4848899: malloc (in /usr/libexec/valgrind/vgpreload_memcheck-amd64-linux.so)
==21373==    by 0x48DF64D: __fopen_internal (iofopen.c:65)
==21373==    by 0x48DF64D: fopen@@GLIBC_2.2.5 (iofopen.c:86)
==21373==    by 0x109533: main (in /home/elhennawy/alx/monty/monty)
==21373== 
==21373== Invalid write of size 4
==21373==    at 0x48EEC67: _IO_unbuffer_all (genops.c:807)
==21373==    by 0x48EEC67: _IO_cleanup (genops.c:875)
==21373==    by 0x48A5541: __run_exit_handlers (exit.c:134)
==21373==    by 0x48A560F: exit (exit.c:143)
==21373==    by 0x109772: pop (in /home/elhennawy/alx/monty/monty)
==21373==    by 0x1095D9: main (in /home/elhennawy/alx/monty/monty)
==21373==  Address 0x4a8b124 is 228 bytes inside a block of size 472 free'd
==21373==    at 0x484B27F: free (in /usr/libexec/valgrind/vgpreload_memcheck-amd64-linux.so)
==21373==    by 0x109760: pop (in /home/elhennawy/alx/monty/monty)
==21373==    by 0x1095D9: main (in /home/elhennawy/alx/monty/monty)
==21373==  Block was alloc'd at
==21373==    at 0x4848899: malloc (in /usr/libexec/valgrind/vgpreload_memcheck-amd64-linux.so)
==21373==    by 0x48DF64D: __fopen_internal (iofopen.c:65)
==21373==    by 0x48DF64D: fopen@@GLIBC_2.2.5 (iofopen.c:86)
==21373==    by 0x109533: main (in /home/elhennawy/alx/monty/monty)
==21373== 
==21373== Invalid read of size 4
==21373==    at 0x48EEC77: _IO_unbuffer_all (genops.c:815)
==21373==    by 0x48EEC77: _IO_cleanup (genops.c:875)
==21373==    by 0x48A5541: __run_exit_handlers (exit.c:134)
==21373==    by 0x48A560F: exit (exit.c:143)
==21373==    by 0x109772: pop (in /home/elhennawy/alx/monty/monty)
==21373==    by 0x1095D9: main (in /home/elhennawy/alx/monty/monty)
==21373==  Address 0x4a8b040 is 0 bytes inside a block of size 472 free'd
==21373==    at 0x484B27F: free (in /usr/libexec/valgrind/vgpreload_memcheck-amd64-linux.so)
==21373==    by 0x109760: pop (in /home/elhennawy/alx/monty/monty)
==21373==    by 0x1095D9: main (in /home/elhennawy/alx/monty/monty)
==21373==  Block was alloc'd at
==21373==    at 0x4848899: malloc (in /usr/libexec/valgrind/vgpreload_memcheck-amd64-linux.so)
==21373==    by 0x48DF64D: __fopen_internal (iofopen.c:65)
==21373==    by 0x48DF64D: fopen@@GLIBC_2.2.5 (iofopen.c:86)
==21373==    by 0x109533: main (in /home/elhennawy/alx/monty/monty)
==21373== 
==21373== Invalid write of size 4
==21373==    at 0x48EED72: _IO_unbuffer_all (genops.c:817)
==21373==    by 0x48EED72: _IO_cleanup (genops.c:875)
==21373==    by 0x48A5541: __run_exit_handlers (exit.c:134)
==21373==    by 0x48A560F: exit (exit.c:143)
==21373==    by 0x109772: pop (in /home/elhennawy/alx/monty/monty)
==21373==    by 0x1095D9: main (in /home/elhennawy/alx/monty/monty)
==21373==  Address 0x4a8b040 is 0 bytes inside a block of size 472 free'd
==21373==    at 0x484B27F: free (in /usr/libexec/valgrind/vgpreload_memcheck-amd64-linux.so)
==21373==    by 0x109760: pop (in /home/elhennawy/alx/monty/monty)
==21373==    by 0x1095D9: main (in /home/elhennawy/alx/monty/monty)
==21373==  Block was alloc'd at
==21373==    at 0x4848899: malloc (in /usr/libexec/valgrind/vgpreload_memcheck-amd64-linux.so)
==21373==    by 0x48DF64D: __fopen_internal (iofopen.c:65)
==21373==    by 0x48DF64D: fopen@@GLIBC_2.2.5 (iofopen.c:86)
==21373==    by 0x109533: main (in /home/elhennawy/alx/monty/monty)
==21373== 
==21373== Invalid read of size 8
==21373==    at 0x48EED75: _IO_unbuffer_all (genops.c:819)
==21373==    by 0x48EED75: _IO_cleanup (genops.c:875)
==21373==    by 0x48A5541: __run_exit_handlers (exit.c:134)
==21373==    by 0x48A560F: exit (exit.c:143)
==21373==    by 0x109772: pop (in /home/elhennawy/alx/monty/monty)
==21373==    by 0x1095D9: main (in /home/elhennawy/alx/monty/monty)
==21373==  Address 0x4a8b078 is 56 bytes inside a block of size 472 free'd
==21373==    at 0x484B27F: free (in /usr/libexec/valgrind/vgpreload_memcheck-amd64-linux.so)
==21373==    by 0x109760: pop (in /home/elhennawy/alx/monty/monty)
==21373==    by 0x1095D9: main (in /home/elhennawy/alx/monty/monty)
==21373==  Block was alloc'd at
==21373==    at 0x4848899: malloc (in /usr/libexec/valgrind/vgpreload_memcheck-amd64-linux.so)
==21373==    by 0x48DF64D: __fopen_internal (iofopen.c:65)
==21373==    by 0x48DF64D: fopen@@GLIBC_2.2.5 (iofopen.c:86)
==21373==    by 0x109533: main (in /home/elhennawy/alx/monty/monty)
==21373== 
==21373== Invalid write of size 8
==21373==    at 0x48EED7A: _IO_unbuffer_all (genops.c:819)
==21373==    by 0x48EED7A: _IO_cleanup (genops.c:875)
==21373==    by 0x48A5541: __run_exit_handlers (exit.c:134)
==21373==    by 0x48A560F: exit (exit.c:143)
==21373==    by 0x109772: pop (in /home/elhennawy/alx/monty/monty)
==21373==    by 0x1095D9: main (in /home/elhennawy/alx/monty/monty)
==21373==  Address 0x4a8b0e8 is 168 bytes inside a block of size 472 free'd
==21373==    at 0x484B27F: free (in /usr/libexec/valgrind/vgpreload_memcheck-amd64-linux.so)
==21373==    by 0x109760: pop (in /home/elhennawy/alx/monty/monty)
==21373==    by 0x1095D9: main (in /home/elhennawy/alx/monty/monty)
==21373==  Block was alloc'd at
==21373==    at 0x4848899: malloc (in /usr/libexec/valgrind/vgpreload_memcheck-amd64-linux.so)
==21373==    by 0x48DF64D: __fopen_internal (iofopen.c:65)
==21373==    by 0x48DF64D: fopen@@GLIBC_2.2.5 (iofopen.c:86)
==21373==    by 0x109533: main (in /home/elhennawy/alx/monty/monty)
==21373== 
==21373== Invalid read of size 8
==21373==    at 0x48EED82: _IO_unbuffer_all (genops.c:819)
==21373==    by 0x48EED82: _IO_cleanup (genops.c:875)
==21373==    by 0x48A5541: __run_exit_handlers (exit.c:134)
==21373==    by 0x48A560F: exit (exit.c:143)
==21373==    by 0x109772: pop (in /home/elhennawy/alx/monty/monty)
==21373==    by 0x1095D9: main (in /home/elhennawy/alx/monty/monty)
==21373==  Address 0x4a8b118 is 216 bytes inside a block of size 472 free'd
==21373==    at 0x484B27F: free (in /usr/libexec/valgrind/vgpreload_memcheck-amd64-linux.so)
==21373==    by 0x109760: pop (in /home/elhennawy/alx/monty/monty)
==21373==    by 0x1095D9: main (in /home/elhennawy/alx/monty/monty)
==21373==  Block was alloc'd at
==21373==    at 0x4848899: malloc (in /usr/libexec/valgrind/vgpreload_memcheck-amd64-linux.so)
==21373==    by 0x48DF64D: __fopen_internal (iofopen.c:65)
==21373==    by 0x48DF64D: fopen@@GLIBC_2.2.5 (iofopen.c:86)
==21373==    by 0x109533: main (in /home/elhennawy/alx/monty/monty)
==21373== 
==21373== Invalid read of size 8
==21373==    at 0x48EE3D8: _IO_default_setbuf (genops.c:453)
==21373==    by 0x48EA5AC: _IO_file_setbuf@@GLIBC_2.2.5 (fileops.c:382)
==21373==    by 0x48EECA1: _IO_unbuffer_all (genops.c:824)
==21373==    by 0x48EECA1: _IO_cleanup (genops.c:875)
==21373==    by 0x48A5541: __run_exit_handlers (exit.c:134)
==21373==    by 0x48A560F: exit (exit.c:143)
==21373==    by 0x109772: pop (in /home/elhennawy/alx/monty/monty)
==21373==    by 0x1095D9: main (in /home/elhennawy/alx/monty/monty)
==21373==  Address 0x4a8b118 is 216 bytes inside a block of size 472 free'd
==21373==    at 0x484B27F: free (in /usr/libexec/valgrind/vgpreload_memcheck-amd64-linux.so)
==21373==    by 0x109760: pop (in /home/elhennawy/alx/monty/monty)
==21373==    by 0x1095D9: main (in /home/elhennawy/alx/monty/monty)
==21373==  Block was alloc'd at
==21373==    at 0x4848899: malloc (in /usr/libexec/valgrind/vgpreload_memcheck-amd64-linux.so)
==21373==    by 0x48DF64D: __fopen_internal (iofopen.c:65)
==21373==    by 0x48DF64D: fopen@@GLIBC_2.2.5 (iofopen.c:86)
==21373==    by 0x109533: main (in /home/elhennawy/alx/monty/monty)
==21373== 
==21373== Invalid read of size 8
==21373==    at 0x48EA43D: _IO_file_sync@@GLIBC_2.2.5 (fileops.c:797)
==21373==    by 0x48EE3F4: _IO_default_setbuf (genops.c:453)
==21373==    by 0x48EA5AC: _IO_file_setbuf@@GLIBC_2.2.5 (fileops.c:382)
==21373==    by 0x48EECA1: _IO_unbuffer_all (genops.c:824)
==21373==    by 0x48EECA1: _IO_cleanup (genops.c:875)
==21373==    by 0x48A5541: __run_exit_handlers (exit.c:134)
==21373==    by 0x48A560F: exit (exit.c:143)
==21373==    by 0x109772: pop (in /home/elhennawy/alx/monty/monty)
==21373==    by 0x1095D9: main (in /home/elhennawy/alx/monty/monty)
==21373==  Address 0x4a8b068 is 40 bytes inside a block of size 472 free'd
==21373==    at 0x484B27F: free (in /usr/libexec/valgrind/vgpreload_memcheck-amd64-linux.so)
==21373==    by 0x109760: pop (in /home/elhennawy/alx/monty/monty)
==21373==    by 0x1095D9: main (in /home/elhennawy/alx/monty/monty)
==21373==  Block was alloc'd at
==21373==    at 0x4848899: malloc (in /usr/libexec/valgrind/vgpreload_memcheck-amd64-linux.so)
==21373==    by 0x48DF64D: __fopen_internal (iofopen.c:65)
==21373==    by 0x48DF64D: fopen@@GLIBC_2.2.5 (iofopen.c:86)
==21373==    by 0x109533: main (in /home/elhennawy/alx/monty/monty)
==21373== 
==21373== Invalid read of size 8
==21373==    at 0x48EA441: _IO_file_sync@@GLIBC_2.2.5 (fileops.c:797)
==21373==    by 0x48EE3F4: _IO_default_setbuf (genops.c:453)
==21373==    by 0x48EA5AC: _IO_file_setbuf@@GLIBC_2.2.5 (fileops.c:382)
==21373==    by 0x48EECA1: _IO_unbuffer_all (genops.c:824)
==21373==    by 0x48EECA1: _IO_cleanup (genops.c:875)
==21373==    by 0x48A5541: __run_exit_handlers (exit.c:134)
==21373==    by 0x48A560F: exit (exit.c:143)
==21373==    by 0x109772: pop (in /home/elhennawy/alx/monty/monty)
==21373==    by 0x1095D9: main (in /home/elhennawy/alx/monty/monty)
==21373==  Address 0x4a8b060 is 32 bytes inside a block of size 472 free'd
==21373==    at 0x484B27F: free (in /usr/libexec/valgrind/vgpreload_memcheck-amd64-linux.so)
==21373==    by 0x109760: pop (in /home/elhennawy/alx/monty/monty)
==21373==    by 0x1095D9: main (in /home/elhennawy/alx/monty/monty)
==21373==  Block was alloc'd at
==21373==    at 0x4848899: malloc (in /usr/libexec/valgrind/vgpreload_memcheck-amd64-linux.so)
==21373==    by 0x48DF64D: __fopen_internal (iofopen.c:65)
==21373==    by 0x48DF64D: fopen@@GLIBC_2.2.5 (iofopen.c:86)
==21373==    by 0x109533: main (in /home/elhennawy/alx/monty/monty)
==21373== 
==21373== Invalid read of size 8
==21373==    at 0x48EA473: _IO_file_sync@@GLIBC_2.2.5 (fileops.c:799)
==21373==    by 0x48EE3F4: _IO_default_setbuf (genops.c:453)
==21373==    by 0x48EA5AC: _IO_file_setbuf@@GLIBC_2.2.5 (fileops.c:382)
==21373==    by 0x48EECA1: _IO_unbuffer_all (genops.c:824)
==21373==    by 0x48EECA1: _IO_cleanup (genops.c:875)
==21373==    by 0x48A5541: __run_exit_handlers (exit.c:134)
==21373==    by 0x48A560F: exit (exit.c:143)
==21373==    by 0x109772: pop (in /home/elhennawy/alx/monty/monty)
==21373==    by 0x1095D9: main (in /home/elhennawy/alx/monty/monty)
==21373==  Address 0x4a8b048 is 8 bytes inside a block of size 472 free'd
==21373==    at 0x484B27F: free (in /usr/libexec/valgrind/vgpreload_memcheck-amd64-linux.so)
==21373==    by 0x109760: pop (in /home/elhennawy/alx/monty/monty)
==21373==    by 0x1095D9: main (in /home/elhennawy/alx/monty/monty)
==21373==  Block was alloc'd at
==21373==    at 0x4848899: malloc (in /usr/libexec/valgrind/vgpreload_memcheck-amd64-linux.so)
==21373==    by 0x48DF64D: __fopen_internal (iofopen.c:65)
==21373==    by 0x48DF64D: fopen@@GLIBC_2.2.5 (iofopen.c:86)
==21373==    by 0x109533: main (in /home/elhennawy/alx/monty/monty)
==21373== 
==21373== Invalid read of size 8
==21373==    at 0x48EA477: _IO_file_sync@@GLIBC_2.2.5 (fileops.c:800)
==21373==    by 0x48EE3F4: _IO_default_setbuf (genops.c:453)
==21373==    by 0x48EA5AC: _IO_file_setbuf@@GLIBC_2.2.5 (fileops.c:382)
==21373==    by 0x48EECA1: _IO_unbuffer_all (genops.c:824)
==21373==    by 0x48EECA1: _IO_cleanup (genops.c:875)
==21373==    by 0x48A5541: __run_exit_handlers (exit.c:134)
==21373==    by 0x48A560F: exit (exit.c:143)
==21373==    by 0x109772: pop (in /home/elhennawy/alx/monty/monty)
==21373==    by 0x1095D9: main (in /home/elhennawy/alx/monty/monty)
==21373==  Address 0x4a8b050 is 16 bytes inside a block of size 472 free'd
==21373==    at 0x484B27F: free (in /usr/libexec/valgrind/vgpreload_memcheck-amd64-linux.so)
==21373==    by 0x109760: pop (in /home/elhennawy/alx/monty/monty)
==21373==    by 0x1095D9: main (in /home/elhennawy/alx/monty/monty)
==21373==  Block was alloc'd at
==21373==    at 0x4848899: malloc (in /usr/libexec/valgrind/vgpreload_memcheck-amd64-linux.so)
==21373==    by 0x48DF64D: __fopen_internal (iofopen.c:65)
==21373==    by 0x48DF64D: fopen@@GLIBC_2.2.5 (iofopen.c:86)
==21373==    by 0x109533: main (in /home/elhennawy/alx/monty/monty)
==21373== 
==21373== Invalid write of size 8
==21373==    at 0x48EA4BC: _IO_file_sync@@GLIBC_2.2.5 (fileops.c:811)
==21373==    by 0x48EE3F4: _IO_default_setbuf (genops.c:453)
==21373==    by 0x48EA5AC: _IO_file_setbuf@@GLIBC_2.2.5 (fileops.c:382)
==21373==    by 0x48EECA1: _IO_unbuffer_all (genops.c:824)
==21373==    by 0x48EECA1: _IO_cleanup (genops.c:875)
==21373==    by 0x48A5541: __run_exit_handlers (exit.c:134)
==21373==    by 0x48A560F: exit (exit.c:143)
==21373==    by 0x109772: pop (in /home/elhennawy/alx/monty/monty)
==21373==    by 0x1095D9: main (in /home/elhennawy/alx/monty/monty)
==21373==  Address 0x4a8b0d0 is 144 bytes inside a block of size 472 free'd
==21373==    at 0x484B27F: free (in /usr/libexec/valgrind/vgpreload_memcheck-amd64-linux.so)
==21373==    by 0x109760: pop (in /home/elhennawy/alx/monty/monty)
==21373==    by 0x1095D9: main (in /home/elhennawy/alx/monty/monty)
==21373==  Block was alloc'd at
==21373==    at 0x4848899: malloc (in /usr/libexec/valgrind/vgpreload_memcheck-amd64-linux.so)
==21373==    by 0x48DF64D: __fopen_internal (iofopen.c:65)
==21373==    by 0x48DF64D: fopen@@GLIBC_2.2.5 (iofopen.c:86)
==21373==    by 0x109533: main (in /home/elhennawy/alx/monty/monty)
==21373== 
==21373== Invalid read of size 4
==21373==    at 0x48EE3FE: _IO_default_setbuf (genops.c:457)
==21373==    by 0x48EA5AC: _IO_file_setbuf@@GLIBC_2.2.5 (fileops.c:382)
==21373==    by 0x48EECA1: _IO_unbuffer_all (genops.c:824)
==21373==    by 0x48EECA1: _IO_cleanup (genops.c:875)
==21373==    by 0x48A5541: __run_exit_handlers (exit.c:134)
==21373==    by 0x48A560F: exit (exit.c:143)
==21373==    by 0x109772: pop (in /home/elhennawy/alx/monty/monty)
==21373==    by 0x1095D9: main (in /home/elhennawy/alx/monty/monty)
==21373==  Address 0x4a8b040 is 0 bytes inside a block of size 472 free'd
==21373==    at 0x484B27F: free (in /usr/libexec/valgrind/vgpreload_memcheck-amd64-linux.so)
==21373==    by 0x109760: pop (in /home/elhennawy/alx/monty/monty)
==21373==    by 0x1095D9: main (in /home/elhennawy/alx/monty/monty)
==21373==  Block was alloc'd at
==21373==    at 0x4848899: malloc (in /usr/libexec/valgrind/vgpreload_memcheck-amd64-linux.so)
==21373==    by 0x48DF64D: __fopen_internal (iofopen.c:65)
==21373==    by 0x48DF64D: fopen@@GLIBC_2.2.5 (iofopen.c:86)
==21373==    by 0x109533: main (in /home/elhennawy/alx/monty/monty)
==21373== 
==21373== Invalid read of size 8
==21373==    at 0x48EE400: _IO_setb (genops.c:330)
==21373==    by 0x48EE400: _IO_default_setbuf (genops.c:458)
==21373==    by 0x48EA5AC: _IO_file_setbuf@@GLIBC_2.2.5 (fileops.c:382)
==21373==    by 0x48EECA1: _IO_unbuffer_all (genops.c:824)
==21373==    by 0x48EECA1: _IO_cleanup (genops.c:875)
==21373==    by 0x48A5541: __run_exit_handlers (exit.c:134)
==21373==    by 0x48A560F: exit (exit.c:143)
==21373==    by 0x109772: pop (in /home/elhennawy/alx/monty/monty)
==21373==    by 0x1095D9: main (in /home/elhennawy/alx/monty/monty)
==21373==  Address 0x4a8b078 is 56 bytes inside a block of size 472 free'd
==21373==    at 0x484B27F: free (in /usr/libexec/valgrind/vgpreload_memcheck-amd64-linux.so)
==21373==    by 0x109760: pop (in /home/elhennawy/alx/monty/monty)
==21373==    by 0x1095D9: main (in /home/elhennawy/alx/monty/monty)
==21373==  Block was alloc'd at
==21373==    at 0x4848899: malloc (in /usr/libexec/valgrind/vgpreload_memcheck-amd64-linux.so)
==21373==    by 0x48DF64D: __fopen_internal (iofopen.c:65)
==21373==    by 0x48DF64D: fopen@@GLIBC_2.2.5 (iofopen.c:86)
==21373==    by 0x109533: main (in /home/elhennawy/alx/monty/monty)
==21373== 
==21373== Invalid write of size 4
==21373==    at 0x48EE471: _IO_default_setbuf (genops.c:457)
==21373==    by 0x48EA5AC: _IO_file_setbuf@@GLIBC_2.2.5 (fileops.c:382)
==21373==    by 0x48EECA1: _IO_unbuffer_all (genops.c:824)
==21373==    by 0x48EECA1: _IO_cleanup (genops.c:875)
==21373==    by 0x48A5541: __run_exit_handlers (exit.c:134)
==21373==    by 0x48A560F: exit (exit.c:143)
==21373==    by 0x109772: pop (in /home/elhennawy/alx/monty/monty)
==21373==    by 0x1095D9: main (in /home/elhennawy/alx/monty/monty)
==21373==  Address 0x4a8b040 is 0 bytes inside a block of size 472 free'd
==21373==    at 0x484B27F: free (in /usr/libexec/valgrind/vgpreload_memcheck-amd64-linux.so)
==21373==    by 0x109760: pop (in /home/elhennawy/alx/monty/monty)
==21373==    by 0x1095D9: main (in /home/elhennawy/alx/monty/monty)
==21373==  Block was alloc'd at
==21373==    at 0x4848899: malloc (in /usr/libexec/valgrind/vgpreload_memcheck-amd64-linux.so)
==21373==    by 0x48DF64D: __fopen_internal (iofopen.c:65)
==21373==    by 0x48DF64D: fopen@@GLIBC_2.2.5 (iofopen.c:86)
==21373==    by 0x109533: main (in /home/elhennawy/alx/monty/monty)
==21373== 
==21373== Invalid write of size 4
==21373==    at 0x48EE433: _IO_setb (genops.c:337)
==21373==    by 0x48EE433: _IO_default_setbuf (genops.c:458)
==21373==    by 0x48EA5AC: _IO_file_setbuf@@GLIBC_2.2.5 (fileops.c:382)
==21373==    by 0x48EECA1: _IO_unbuffer_all (genops.c:824)
==21373==    by 0x48EECA1: _IO_cleanup (genops.c:875)
==21373==    by 0x48A5541: __run_exit_handlers (exit.c:134)
==21373==    by 0x48A560F: exit (exit.c:143)
==21373==    by 0x109772: pop (in /home/elhennawy/alx/monty/monty)
==21373==    by 0x1095D9: main (in /home/elhennawy/alx/monty/monty)
==21373==  Address 0x4a8b040 is 0 bytes inside a block of size 472 free'd
==21373==    at 0x484B27F: free (in /usr/libexec/valgrind/vgpreload_memcheck-amd64-linux.so)
==21373==    by 0x109760: pop (in /home/elhennawy/alx/monty/monty)
==21373==    by 0x1095D9: main (in /home/elhennawy/alx/monty/monty)
==21373==  Block was alloc'd at
==21373==    at 0x4848899: malloc (in /usr/libexec/valgrind/vgpreload_memcheck-amd64-linux.so)
==21373==    by 0x48DF64D: __fopen_internal (iofopen.c:65)
==21373==    by 0x48DF64D: fopen@@GLIBC_2.2.5 (iofopen.c:86)
==21373==    by 0x109533: main (in /home/elhennawy/alx/monty/monty)
==21373== 
==21373== Invalid write of size 8
==21373==    at 0x48EE438: _IO_setb (genops.c:332)
==21373==    by 0x48EE438: _IO_default_setbuf (genops.c:458)
==21373==    by 0x48EA5AC: _IO_file_setbuf@@GLIBC_2.2.5 (fileops.c:382)
==21373==    by 0x48EECA1: _IO_unbuffer_all (genops.c:824)
==21373==    by 0x48EECA1: _IO_cleanup (genops.c:875)
==21373==    by 0x48A5541: __run_exit_handlers (exit.c:134)
==21373==    by 0x48A560F: exit (exit.c:143)
==21373==    by 0x109772: pop (in /home/elhennawy/alx/monty/monty)
==21373==    by 0x1095D9: main (in /home/elhennawy/alx/monty/monty)
==21373==  Address 0x4a8b078 is 56 bytes inside a block of size 472 free'd
==21373==    at 0x484B27F: free (in /usr/libexec/valgrind/vgpreload_memcheck-amd64-linux.so)
==21373==    by 0x109760: pop (in /home/elhennawy/alx/monty/monty)
==21373==    by 0x1095D9: main (in /home/elhennawy/alx/monty/monty)
==21373==  Block was alloc'd at
==21373==    at 0x4848899: malloc (in /usr/libexec/valgrind/vgpreload_memcheck-amd64-linux.so)
==21373==    by 0x48DF64D: __fopen_internal (iofopen.c:65)
==21373==    by 0x48DF64D: fopen@@GLIBC_2.2.5 (iofopen.c:86)
==21373==    by 0x109533: main (in /home/elhennawy/alx/monty/monty)
==21373== 
==21373== Invalid write of size 8
==21373==    at 0x48EE440: _IO_default_setbuf (genops.c:466)
==21373==    by 0x48EA5AC: _IO_file_setbuf@@GLIBC_2.2.5 (fileops.c:382)
==21373==    by 0x48EECA1: _IO_unbuffer_all (genops.c:824)
==21373==    by 0x48EECA1: _IO_cleanup (genops.c:875)
==21373==    by 0x48A5541: __run_exit_handlers (exit.c:134)
==21373==    by 0x48A560F: exit (exit.c:143)
==21373==    by 0x109772: pop (in /home/elhennawy/alx/monty/monty)
==21373==    by 0x1095D9: main (in /home/elhennawy/alx/monty/monty)
==21373==  Address 0x4a8b048 is 8 bytes inside a block of size 472 free'd
==21373==    at 0x484B27F: free (in /usr/libexec/valgrind/vgpreload_memcheck-amd64-linux.so)
==21373==    by 0x109760: pop (in /home/elhennawy/alx/monty/monty)
==21373==    by 0x1095D9: main (in /home/elhennawy/alx/monty/monty)
==21373==  Block was alloc'd at
==21373==    at 0x4848899: malloc (in /usr/libexec/valgrind/vgpreload_memcheck-amd64-linux.so)
==21373==    by 0x48DF64D: __fopen_internal (iofopen.c:65)
==21373==    by 0x48DF64D: fopen@@GLIBC_2.2.5 (iofopen.c:86)
==21373==    by 0x109533: main (in /home/elhennawy/alx/monty/monty)
==21373== 
==21373== Invalid write of size 8
==21373==    at 0x48EE444: _IO_default_setbuf (genops.c:466)
==21373==    by 0x48EA5AC: _IO_file_setbuf@@GLIBC_2.2.5 (fileops.c:382)
==21373==    by 0x48EECA1: _IO_unbuffer_all (genops.c:824)
==21373==    by 0x48EECA1: _IO_cleanup (genops.c:875)
==21373==    by 0x48A5541: __run_exit_handlers (exit.c:134)
==21373==    by 0x48A560F: exit (exit.c:143)
==21373==    by 0x109772: pop (in /home/elhennawy/alx/monty/monty)
==21373==    by 0x1095D9: main (in /home/elhennawy/alx/monty/monty)
==21373==  Address 0x4a8b058 is 24 bytes inside a block of size 472 free'd
==21373==    at 0x484B27F: free (in /usr/libexec/valgrind/vgpreload_memcheck-amd64-linux.so)
==21373==    by 0x109760: pop (in /home/elhennawy/alx/monty/monty)
==21373==    by 0x1095D9: main (in /home/elhennawy/alx/monty/monty)
==21373==  Block was alloc'd at
==21373==    at 0x4848899: malloc (in /usr/libexec/valgrind/vgpreload_memcheck-amd64-linux.so)
==21373==    by 0x48DF64D: __fopen_internal (iofopen.c:65)
==21373==    by 0x48DF64D: fopen@@GLIBC_2.2.5 (iofopen.c:86)
==21373==    by 0x109533: main (in /home/elhennawy/alx/monty/monty)
==21373== 
==21373== Invalid write of size 8
==21373==    at 0x48EE448: _IO_default_setbuf (genops.c:466)
==21373==    by 0x48EA5AC: _IO_file_setbuf@@GLIBC_2.2.5 (fileops.c:382)
==21373==    by 0x48EECA1: _IO_unbuffer_all (genops.c:824)
==21373==    by 0x48EECA1: _IO_cleanup (genops.c:875)
==21373==    by 0x48A5541: __run_exit_handlers (exit.c:134)
==21373==    by 0x48A560F: exit (exit.c:143)
==21373==    by 0x109772: pop (in /home/elhennawy/alx/monty/monty)
==21373==    by 0x1095D9: main (in /home/elhennawy/alx/monty/monty)
==21373==  Address 0x4a8b068 is 40 bytes inside a block of size 472 free'd
==21373==    at 0x484B27F: free (in /usr/libexec/valgrind/vgpreload_memcheck-amd64-linux.so)
==21373==    by 0x109760: pop (in /home/elhennawy/alx/monty/monty)
==21373==    by 0x1095D9: main (in /home/elhennawy/alx/monty/monty)
==21373==  Block was alloc'd at
==21373==    at 0x4848899: malloc (in /usr/libexec/valgrind/vgpreload_memcheck-amd64-linux.so)
==21373==    by 0x48DF64D: __fopen_internal (iofopen.c:65)
==21373==    by 0x48DF64D: fopen@@GLIBC_2.2.5 (iofopen.c:86)
==21373==    by 0x109533: main (in /home/elhennawy/alx/monty/monty)
==21373== 
==21373== Invalid read of size 8
==21373==    at 0x48EA5B2: _IO_file_setbuf@@GLIBC_2.2.5 (fileops.c:385)
==21373==    by 0x48EECA1: _IO_unbuffer_all (genops.c:824)
==21373==    by 0x48EECA1: _IO_cleanup (genops.c:875)
==21373==    by 0x48A5541: __run_exit_handlers (exit.c:134)
==21373==    by 0x48A560F: exit (exit.c:143)
==21373==    by 0x109772: pop (in /home/elhennawy/alx/monty/monty)
==21373==    by 0x1095D9: main (in /home/elhennawy/alx/monty/monty)
==21373==  Address 0x4a8b078 is 56 bytes inside a block of size 472 free'd
==21373==    at 0x484B27F: free (in /usr/libexec/valgrind/vgpreload_memcheck-amd64-linux.so)
==21373==    by 0x109760: pop (in /home/elhennawy/alx/monty/monty)
==21373==    by 0x1095D9: main (in /home/elhennawy/alx/monty/monty)
==21373==  Block was alloc'd at
==21373==    at 0x4848899: malloc (in /usr/libexec/valgrind/vgpreload_memcheck-amd64-linux.so)
==21373==    by 0x48DF64D: __fopen_internal (iofopen.c:65)
==21373==    by 0x48DF64D: fopen@@GLIBC_2.2.5 (iofopen.c:86)
==21373==    by 0x109533: main (in /home/elhennawy/alx/monty/monty)
==21373== 
==21373== Invalid write of size 8
==21373==    at 0x48EA5BE: _IO_file_setbuf@@GLIBC_2.2.5 (fileops.c:387)
==21373==    by 0x48EECA1: _IO_unbuffer_all (genops.c:824)
==21373==    by 0x48EECA1: _IO_cleanup (genops.c:875)
==21373==    by 0x48A5541: __run_exit_handlers (exit.c:134)
==21373==    by 0x48A560F: exit (exit.c:143)
==21373==    by 0x109772: pop (in /home/elhennawy/alx/monty/monty)
==21373==    by 0x1095D9: main (in /home/elhennawy/alx/monty/monty)
==21373==  Address 0x4a8b048 is 8 bytes inside a block of size 472 free'd
==21373==    at 0x484B27F: free (in /usr/libexec/valgrind/vgpreload_memcheck-amd64-linux.so)
==21373==    by 0x109760: pop (in /home/elhennawy/alx/monty/monty)
==21373==    by 0x1095D9: main (in /home/elhennawy/alx/monty/monty)
==21373==  Block was alloc'd at
==21373==    at 0x4848899: malloc (in /usr/libexec/valgrind/vgpreload_memcheck-amd64-linux.so)
==21373==    by 0x48DF64D: __fopen_internal (iofopen.c:65)
==21373==    by 0x48DF64D: fopen@@GLIBC_2.2.5 (iofopen.c:86)
==21373==    by 0x109533: main (in /home/elhennawy/alx/monty/monty)
==21373== 
==21373== Invalid write of size 8
==21373==    at 0x48EA5C2: _IO_file_setbuf@@GLIBC_2.2.5 (fileops.c:387)
==21373==    by 0x48EECA1: _IO_unbuffer_all (genops.c:824)
==21373==    by 0x48EECA1: _IO_cleanup (genops.c:875)
==21373==    by 0x48A5541: __run_exit_handlers (exit.c:134)
==21373==    by 0x48A560F: exit (exit.c:143)
==21373==    by 0x109772: pop (in /home/elhennawy/alx/monty/monty)
==21373==    by 0x1095D9: main (in /home/elhennawy/alx/monty/monty)
==21373==  Address 0x4a8b058 is 24 bytes inside a block of size 472 free'd
==21373==    at 0x484B27F: free (in /usr/libexec/valgrind/vgpreload_memcheck-amd64-linux.so)
==21373==    by 0x109760: pop (in /home/elhennawy/alx/monty/monty)
==21373==    by 0x1095D9: main (in /home/elhennawy/alx/monty/monty)
==21373==  Block was alloc'd at
==21373==    at 0x4848899: malloc (in /usr/libexec/valgrind/vgpreload_memcheck-amd64-linux.so)
==21373==    by 0x48DF64D: __fopen_internal (iofopen.c:65)
==21373==    by 0x48DF64D: fopen@@GLIBC_2.2.5 (iofopen.c:86)
==21373==    by 0x109533: main (in /home/elhennawy/alx/monty/monty)
==21373== 
==21373== Invalid write of size 8
==21373==    at 0x48EA5C6: _IO_file_setbuf@@GLIBC_2.2.5 (fileops.c:387)
==21373==    by 0x48EECA1: _IO_unbuffer_all (genops.c:824)
==21373==    by 0x48EECA1: _IO_cleanup (genops.c:875)
==21373==    by 0x48A5541: __run_exit_handlers (exit.c:134)
==21373==    by 0x48A560F: exit (exit.c:143)
==21373==    by 0x109772: pop (in /home/elhennawy/alx/monty/monty)
==21373==    by 0x1095D9: main (in /home/elhennawy/alx/monty/monty)
==21373==  Address 0x4a8b068 is 40 bytes inside a block of size 472 free'd
==21373==    at 0x484B27F: free (in /usr/libexec/valgrind/vgpreload_memcheck-amd64-linux.so)
==21373==    by 0x109760: pop (in /home/elhennawy/alx/monty/monty)
==21373==    by 0x1095D9: main (in /home/elhennawy/alx/monty/monty)
==21373==  Block was alloc'd at
==21373==    at 0x4848899: malloc (in /usr/libexec/valgrind/vgpreload_memcheck-amd64-linux.so)
==21373==    by 0x48DF64D: __fopen_internal (iofopen.c:65)
==21373==    by 0x48DF64D: fopen@@GLIBC_2.2.5 (iofopen.c:86)
==21373==    by 0x109533: main (in /home/elhennawy/alx/monty/monty)
==21373== 
==21373== Invalid read of size 4
==21373==    at 0x48EECA2: _IO_unbuffer_all (genops.c:826)
==21373==    by 0x48EECA2: _IO_cleanup (genops.c:875)
==21373==    by 0x48A5541: __run_exit_handlers (exit.c:134)
==21373==    by 0x48A560F: exit (exit.c:143)
==21373==    by 0x109772: pop (in /home/elhennawy/alx/monty/monty)
==21373==    by 0x1095D9: main (in /home/elhennawy/alx/monty/monty)
==21373==  Address 0x4a8b100 is 192 bytes inside a block of size 472 free'd
==21373==    at 0x484B27F: free (in /usr/libexec/valgrind/vgpreload_memcheck-amd64-linux.so)
==21373==    by 0x109760: pop (in /home/elhennawy/alx/monty/monty)
==21373==    by 0x1095D9: main (in /home/elhennawy/alx/monty/monty)
==21373==  Block was alloc'd at
==21373==    at 0x4848899: malloc (in /usr/libexec/valgrind/vgpreload_memcheck-amd64-linux.so)
==21373==    by 0x48DF64D: __fopen_internal (iofopen.c:65)
==21373==    by 0x48DF64D: fopen@@GLIBC_2.2.5 (iofopen.c:86)
==21373==    by 0x109533: main (in /home/elhennawy/alx/monty/monty)
==21373== 
==21373== Invalid read of size 8
==21373==    at 0x48EECC5: _IO_unbuffer_all (genops.c:830)
==21373==    by 0x48EECC5: _IO_cleanup (genops.c:875)
==21373==    by 0x48A5541: __run_exit_handlers (exit.c:134)
==21373==    by 0x48A560F: exit (exit.c:143)
==21373==    by 0x109772: pop (in /home/elhennawy/alx/monty/monty)
==21373==    by 0x1095D9: main (in /home/elhennawy/alx/monty/monty)
==21373==  Address 0x4a8b0c8 is 136 bytes inside a block of size 472 free'd
==21373==    at 0x484B27F: free (in /usr/libexec/valgrind/vgpreload_memcheck-amd64-linux.so)
==21373==    by 0x109760: pop (in /home/elhennawy/alx/monty/monty)
==21373==    by 0x1095D9: main (in /home/elhennawy/alx/monty/monty)
==21373==  Block was alloc'd at
==21373==    at 0x4848899: malloc (in /usr/libexec/valgrind/vgpreload_memcheck-amd64-linux.so)
==21373==    by 0x48DF64D: __fopen_internal (iofopen.c:65)
==21373==    by 0x48DF64D: fopen@@GLIBC_2.2.5 (iofopen.c:86)
==21373==    by 0x109533: main (in /home/elhennawy/alx/monty/monty)
==21373== 
==21373== Invalid read of size 4
==21373==    at 0x48EECD5: _IO_unbuffer_all (genops.c:831)
==21373==    by 0x48EECD5: _IO_cleanup (genops.c:875)
==21373==    by 0x48A5541: __run_exit_handlers (exit.c:134)
==21373==    by 0x48A560F: exit (exit.c:143)
==21373==    by 0x109772: pop (in /home/elhennawy/alx/monty/monty)
==21373==    by 0x1095D9: main (in /home/elhennawy/alx/monty/monty)
==21373==  Address 0x4a8b124 is 228 bytes inside a block of size 472 free'd
==21373==    at 0x484B27F: free (in /usr/libexec/valgrind/vgpreload_memcheck-amd64-linux.so)
==21373==    by 0x109760: pop (in /home/elhennawy/alx/monty/monty)
==21373==    by 0x1095D9: main (in /home/elhennawy/alx/monty/monty)
==21373==  Block was alloc'd at
==21373==    at 0x4848899: malloc (in /usr/libexec/valgrind/vgpreload_memcheck-amd64-linux.so)
==21373==    by 0x48DF64D: __fopen_internal (iofopen.c:65)
==21373==    by 0x48DF64D: fopen@@GLIBC_2.2.5 (iofopen.c:86)
==21373==    by 0x109533: main (in /home/elhennawy/alx/monty/monty)
==21373== 
==21373== Invalid write of size 4
==21373==    at 0x48EECDB: _IO_unbuffer_all (genops.c:831)
==21373==    by 0x48EECDB: _IO_cleanup (genops.c:875)
==21373==    by 0x48A5541: __run_exit_handlers (exit.c:134)
==21373==    by 0x48A560F: exit (exit.c:143)
==21373==    by 0x109772: pop (in /home/elhennawy/alx/monty/monty)
==21373==    by 0x1095D9: main (in /home/elhennawy/alx/monty/monty)
==21373==  Address 0x4a8b124 is 228 bytes inside a block of size 472 free'd
==21373==    at 0x484B27F: free (in /usr/libexec/valgrind/vgpreload_memcheck-amd64-linux.so)
==21373==    by 0x109760: pop (in /home/elhennawy/alx/monty/monty)
==21373==    by 0x1095D9: main (in /home/elhennawy/alx/monty/monty)
==21373==  Block was alloc'd at
==21373==    at 0x4848899: malloc (in /usr/libexec/valgrind/vgpreload_memcheck-amd64-linux.so)
==21373==    by 0x48DF64D: __fopen_internal (iofopen.c:65)
==21373==    by 0x48DF64D: fopen@@GLIBC_2.2.5 (iofopen.c:86)
==21373==    by 0x109533: main (in /home/elhennawy/alx/monty/monty)
==21373== 
==21373== Invalid write of size 8
==21373==    at 0x48EECE4: _IO_unbuffer_all (genops.c:831)
==21373==    by 0x48EECE4: _IO_cleanup (genops.c:875)
==21373==    by 0x48A5541: __run_exit_handlers (exit.c:134)
==21373==    by 0x48A560F: exit (exit.c:143)
==21373==    by 0x109772: pop (in /home/elhennawy/alx/monty/monty)
==21373==    by 0x1095D9: main (in /home/elhennawy/alx/monty/monty)
==21373==  Address 0x4a8b128 is 232 bytes inside a block of size 472 free'd
==21373==    at 0x484B27F: free (in /usr/libexec/valgrind/vgpreload_memcheck-amd64-linux.so)
==21373==    by 0x109760: pop (in /home/elhennawy/alx/monty/monty)
==21373==    by 0x1095D9: main (in /home/elhennawy/alx/monty/monty)
==21373==  Block was alloc'd at
==21373==    at 0x4848899: malloc (in /usr/libexec/valgrind/vgpreload_memcheck-amd64-linux.so)
==21373==    by 0x48DF64D: __fopen_internal (iofopen.c:65)
==21373==    by 0x48DF64D: fopen@@GLIBC_2.2.5 (iofopen.c:86)
==21373==    by 0x109533: main (in /home/elhennawy/alx/monty/monty)
==21373== 
==21373== Invalid read of size 4
==21373==    at 0x48EECEC: _IO_unbuffer_all (genops.c:831)
==21373==    by 0x48EECEC: _IO_cleanup (genops.c:875)
==21373==    by 0x48A5541: __run_exit_handlers (exit.c:134)
==21373==    by 0x48A560F: exit (exit.c:143)
==21373==    by 0x109772: pop (in /home/elhennawy/alx/monty/monty)
==21373==    by 0x1095D9: main (in /home/elhennawy/alx/monty/monty)
==21373==  Address 0x4a8b120 is 224 bytes inside a block of size 472 free'd
==21373==    at 0x484B27F: free (in /usr/libexec/valgrind/vgpreload_memcheck-amd64-linux.so)
==21373==    by 0x109760: pop (in /home/elhennawy/alx/monty/monty)
==21373==    by 0x1095D9: main (in /home/elhennawy/alx/monty/monty)
==21373==  Block was alloc'd at
==21373==    at 0x4848899: malloc (in /usr/libexec/valgrind/vgpreload_memcheck-amd64-linux.so)
==21373==    by 0x48DF64D: __fopen_internal (iofopen.c:65)
==21373==    by 0x48DF64D: fopen@@GLIBC_2.2.5 (iofopen.c:86)
==21373==    by 0x109533: main (in /home/elhennawy/alx/monty/monty)
==21373== 
==21373== Invalid write of size 4
==21373==    at 0x48EEC00: _IO_unbuffer_all (genops.c:838)
==21373==    by 0x48EEC00: _IO_cleanup (genops.c:875)
==21373==    by 0x48A5541: __run_exit_handlers (exit.c:134)
==21373==    by 0x48A560F: exit (exit.c:143)
==21373==    by 0x109772: pop (in /home/elhennawy/alx/monty/monty)
==21373==    by 0x1095D9: main (in /home/elhennawy/alx/monty/monty)
==21373==  Address 0x4a8b100 is 192 bytes inside a block of size 472 free'd
==21373==    at 0x484B27F: free (in /usr/libexec/valgrind/vgpreload_memcheck-amd64-linux.so)
==21373==    by 0x109760: pop (in /home/elhennawy/alx/monty/monty)
==21373==    by 0x1095D9: main (in /home/elhennawy/alx/monty/monty)
==21373==  Block was alloc'd at
==21373==    at 0x4848899: malloc (in /usr/libexec/valgrind/vgpreload_memcheck-amd64-linux.so)
==21373==    by 0x48DF64D: __fopen_internal (iofopen.c:65)
==21373==    by 0x48DF64D: fopen@@GLIBC_2.2.5 (iofopen.c:86)
==21373==    by 0x109533: main (in /home/elhennawy/alx/monty/monty)
==21373== 
==21373== Invalid read of size 8
==21373==    at 0x48EEC0B: _IO_unbuffer_all (genops.c:790)
==21373==    by 0x48EEC0B: _IO_cleanup (genops.c:875)
==21373==    by 0x48A5541: __run_exit_handlers (exit.c:134)
==21373==    by 0x48A560F: exit (exit.c:143)
==21373==    by 0x109772: pop (in /home/elhennawy/alx/monty/monty)
==21373==    by 0x1095D9: main (in /home/elhennawy/alx/monty/monty)
==21373==  Address 0x4a8b0a8 is 104 bytes inside a block of size 472 free'd
==21373==    at 0x484B27F: free (in /usr/libexec/valgrind/vgpreload_memcheck-amd64-linux.so)
==21373==    by 0x109760: pop (in /home/elhennawy/alx/monty/monty)
==21373==    by 0x1095D9: main (in /home/elhennawy/alx/monty/monty)
==21373==  Block was alloc'd at
==21373==    at 0x4848899: malloc (in /usr/libexec/valgrind/vgpreload_memcheck-amd64-linux.so)
==21373==    by 0x48DF64D: __fopen_internal (iofopen.c:65)
==21373==    by 0x48DF64D: fopen@@GLIBC_2.2.5 (iofopen.c:86)
==21373==    by 0x109533: main (in /home/elhennawy/alx/monty/monty)
==21373== 
==21373== Invalid read of size 4
==21373==    at 0x48EEA66: _IO_flush_all_lockp (genops.c:701)
==21373==    by 0x48EEB7D: _IO_cleanup (genops.c:866)
==21373==    by 0x4A1B931: __libc_freeres (in /usr/lib/x86_64-linux-gnu/libc.so.6)
==21373==    by 0x483F1B2: _vgnU_freeres (in /usr/libexec/valgrind/vgpreload_core-amd64-linux.so)
==21373==    by 0x48A5551: __run_exit_handlers (exit.c:136)
==21373==    by 0x48A560F: exit (exit.c:143)
==21373==    by 0x109772: pop (in /home/elhennawy/alx/monty/monty)
==21373==    by 0x1095D9: main (in /home/elhennawy/alx/monty/monty)
==21373==  Address 0x4a8b100 is 192 bytes inside a block of size 472 free'd
==21373==    at 0x484B27F: free (in /usr/libexec/valgrind/vgpreload_memcheck-amd64-linux.so)
==21373==    by 0x109760: pop (in /home/elhennawy/alx/monty/monty)
==21373==    by 0x1095D9: main (in /home/elhennawy/alx/monty/monty)
==21373==  Block was alloc'd at
==21373==    at 0x4848899: malloc (in /usr/libexec/valgrind/vgpreload_memcheck-amd64-linux.so)
==21373==    by 0x48DF64D: __fopen_internal (iofopen.c:65)
==21373==    by 0x48DF64D: fopen@@GLIBC_2.2.5 (iofopen.c:86)
==21373==    by 0x109533: main (in /home/elhennawy/alx/monty/monty)
==21373== 
==21373== Invalid read of size 8
==21373==    at 0x48EEA75: _IO_flush_all_lockp (genops.c:701)
==21373==    by 0x48EEB7D: _IO_cleanup (genops.c:866)
==21373==    by 0x4A1B931: __libc_freeres (in /usr/lib/x86_64-linux-gnu/libc.so.6)
==21373==    by 0x483F1B2: _vgnU_freeres (in /usr/libexec/valgrind/vgpreload_core-amd64-linux.so)
==21373==    by 0x48A5551: __run_exit_handlers (exit.c:136)
==21373==    by 0x48A560F: exit (exit.c:143)
==21373==    by 0x109772: pop (in /home/elhennawy/alx/monty/monty)
==21373==    by 0x1095D9: main (in /home/elhennawy/alx/monty/monty)
==21373==  Address 0x4a8b060 is 32 bytes inside a block of size 472 free'd
==21373==    at 0x484B27F: free (in /usr/libexec/valgrind/vgpreload_memcheck-amd64-linux.so)
==21373==    by 0x109760: pop (in /home/elhennawy/alx/monty/monty)
==21373==    by 0x1095D9: main (in /home/elhennawy/alx/monty/monty)
==21373==  Block was alloc'd at
==21373==    at 0x4848899: malloc (in /usr/libexec/valgrind/vgpreload_memcheck-amd64-linux.so)
==21373==    by 0x48DF64D: __fopen_internal (iofopen.c:65)
==21373==    by 0x48DF64D: fopen@@GLIBC_2.2.5 (iofopen.c:86)
==21373==    by 0x109533: main (in /home/elhennawy/alx/monty/monty)
==21373== 
==21373== Invalid read of size 8
==21373==    at 0x48EEA79: _IO_flush_all_lockp (genops.c:701)
==21373==    by 0x48EEB7D: _IO_cleanup (genops.c:866)
==21373==    by 0x4A1B931: __libc_freeres (in /usr/lib/x86_64-linux-gnu/libc.so.6)
==21373==    by 0x483F1B2: _vgnU_freeres (in /usr/libexec/valgrind/vgpreload_core-amd64-linux.so)
==21373==    by 0x48A5551: __run_exit_handlers (exit.c:136)
==21373==    by 0x48A560F: exit (exit.c:143)
==21373==    by 0x109772: pop (in /home/elhennawy/alx/monty/monty)
==21373==    by 0x1095D9: main (in /home/elhennawy/alx/monty/monty)
==21373==  Address 0x4a8b068 is 40 bytes inside a block of size 472 free'd
==21373==    at 0x484B27F: free (in /usr/libexec/valgrind/vgpreload_memcheck-amd64-linux.so)
==21373==    by 0x109760: pop (in /home/elhennawy/alx/monty/monty)
==21373==    by 0x1095D9: main (in /home/elhennawy/alx/monty/monty)
==21373==  Block was alloc'd at
==21373==    at 0x4848899: malloc (in /usr/libexec/valgrind/vgpreload_memcheck-amd64-linux.so)
==21373==    by 0x48DF64D: __fopen_internal (iofopen.c:65)
==21373==    by 0x48DF64D: fopen@@GLIBC_2.2.5 (iofopen.c:86)
==21373==    by 0x109533: main (in /home/elhennawy/alx/monty/monty)
==21373== 
==21373== Invalid read of size 8
==21373==    at 0x48EEA13: _IO_flush_all_lockp (genops.c:695)
==21373==    by 0x48EEB7D: _IO_cleanup (genops.c:866)
==21373==    by 0x4A1B931: __libc_freeres (in /usr/lib/x86_64-linux-gnu/libc.so.6)
==21373==    by 0x483F1B2: _vgnU_freeres (in /usr/libexec/valgrind/vgpreload_core-amd64-linux.so)
==21373==    by 0x48A5551: __run_exit_handlers (exit.c:136)
==21373==    by 0x48A560F: exit (exit.c:143)
==21373==    by 0x109772: pop (in /home/elhennawy/alx/monty/monty)
==21373==    by 0x1095D9: main (in /home/elhennawy/alx/monty/monty)
==21373==  Address 0x4a8b0a8 is 104 bytes inside a block of size 472 free'd
==21373==    at 0x484B27F: free (in /usr/libexec/valgrind/vgpreload_memcheck-amd64-linux.so)
==21373==    by 0x109760: pop (in /home/elhennawy/alx/monty/monty)
==21373==    by 0x1095D9: main (in /home/elhennawy/alx/monty/monty)
==21373==  Block was alloc'd at
==21373==    at 0x4848899: malloc (in /usr/libexec/valgrind/vgpreload_memcheck-amd64-linux.so)
==21373==    by 0x48DF64D: __fopen_internal (iofopen.c:65)
==21373==    by 0x48DF64D: fopen@@GLIBC_2.2.5 (iofopen.c:86)
==21373==    by 0x109533: main (in /home/elhennawy/alx/monty/monty)
==21373== 
==21373== Invalid read of size 4
==21373==    at 0x48EEBFC: IO_validate_vtable (libioP.h:940)
==21373==    by 0x48EEBFC: _IO_unbuffer_all (genops.c:824)
==21373==    by 0x48EEBFC: _IO_cleanup (genops.c:875)
==21373==    by 0x4A1B931: __libc_freeres (in /usr/lib/x86_64-linux-gnu/libc.so.6)
==21373==    by 0x483F1B2: _vgnU_freeres (in /usr/libexec/valgrind/vgpreload_core-amd64-linux.so)
==21373==    by 0x48A5551: __run_exit_handlers (exit.c:136)
==21373==    by 0x48A560F: exit (exit.c:143)
==21373==    by 0x109772: pop (in /home/elhennawy/alx/monty/monty)
==21373==    by 0x1095D9: main (in /home/elhennawy/alx/monty/monty)
==21373==  Address 0x4a8b040 is 0 bytes inside a block of size 472 free'd
==21373==    at 0x484B27F: free (in /usr/libexec/valgrind/vgpreload_memcheck-amd64-linux.so)
==21373==    by 0x109760: pop (in /home/elhennawy/alx/monty/monty)
==21373==    by 0x1095D9: main (in /home/elhennawy/alx/monty/monty)
==21373==  Block was alloc'd at
==21373==    at 0x4848899: malloc (in /usr/libexec/valgrind/vgpreload_memcheck-amd64-linux.so)
==21373==    by 0x48DF64D: __fopen_internal (iofopen.c:65)
==21373==    by 0x48DF64D: fopen@@GLIBC_2.2.5 (iofopen.c:86)
==21373==    by 0x109533: main (in /home/elhennawy/alx/monty/monty)
==21373== 
==21373== Invalid write of size 4
==21373==    at 0x48EEC00: _IO_unbuffer_all (genops.c:838)
==21373==    by 0x48EEC00: _IO_cleanup (genops.c:875)
==21373==    by 0x4A1B931: __libc_freeres (in /usr/lib/x86_64-linux-gnu/libc.so.6)
==21373==    by 0x483F1B2: _vgnU_freeres (in /usr/libexec/valgrind/vgpreload_core-amd64-linux.so)
==21373==    by 0x48A5551: __run_exit_handlers (exit.c:136)
==21373==    by 0x48A560F: exit (exit.c:143)
==21373==    by 0x109772: pop (in /home/elhennawy/alx/monty/monty)
==21373==    by 0x1095D9: main (in /home/elhennawy/alx/monty/monty)
==21373==  Address 0x4a8b100 is 192 bytes inside a block of size 472 free'd
==21373==    at 0x484B27F: free (in /usr/libexec/valgrind/vgpreload_memcheck-amd64-linux.so)
==21373==    by 0x109760: pop (in /home/elhennawy/alx/monty/monty)
==21373==    by 0x1095D9: main (in /home/elhennawy/alx/monty/monty)
==21373==  Block was alloc'd at
==21373==    at 0x4848899: malloc (in /usr/libexec/valgrind/vgpreload_memcheck-amd64-linux.so)
==21373==    by 0x48DF64D: __fopen_internal (iofopen.c:65)
==21373==    by 0x48DF64D: fopen@@GLIBC_2.2.5 (iofopen.c:86)
==21373==    by 0x109533: main (in /home/elhennawy/alx/monty/monty)
==21373== 
==21373== Invalid read of size 8
==21373==    at 0x48EEC0B: _IO_unbuffer_all (genops.c:790)
==21373==    by 0x48EEC0B: _IO_cleanup (genops.c:875)
==21373==    by 0x4A1B931: __libc_freeres (in /usr/lib/x86_64-linux-gnu/libc.so.6)
==21373==    by 0x483F1B2: _vgnU_freeres (in /usr/libexec/valgrind/vgpreload_core-amd64-linux.so)
==21373==    by 0x48A5551: __run_exit_handlers (exit.c:136)
==21373==    by 0x48A560F: exit (exit.c:143)
==21373==    by 0x109772: pop (in /home/elhennawy/alx/monty/monty)
==21373==    by 0x1095D9: main (in /home/elhennawy/alx/monty/monty)
==21373==  Address 0x4a8b0a8 is 104 bytes inside a block of size 472 free'd
==21373==    at 0x484B27F: free (in /usr/libexec/valgrind/vgpreload_memcheck-amd64-linux.so)
==21373==    by 0x109760: pop (in /home/elhennawy/alx/monty/monty)
==21373==    by 0x1095D9: main (in /home/elhennawy/alx/monty/monty)
==21373==  Block was alloc'd at
==21373==    at 0x4848899: malloc (in /usr/libexec/valgrind/vgpreload_memcheck-amd64-linux.so)
==21373==    by 0x48DF64D: __fopen_internal (iofopen.c:65)
==21373==    by 0x48DF64D: fopen@@GLIBC_2.2.5 (iofopen.c:86)
==21373==    by 0x109533: main (in /home/elhennawy/alx/monty/monty)
==21373== 
==21373== Invalid read of size 8
==21373==    at 0x4A1B870: buffer_free (in /usr/lib/x86_64-linux-gnu/libc.so.6)
==21373==    by 0x4A1B941: __libc_freeres (in /usr/lib/x86_64-linux-gnu/libc.so.6)
==21373==    by 0x483F1B2: _vgnU_freeres (in /usr/libexec/valgrind/vgpreload_core-amd64-linux.so)
==21373==    by 0x48A5551: __run_exit_handlers (exit.c:136)
==21373==    by 0x48A560F: exit (exit.c:143)
==21373==    by 0x109772: pop (in /home/elhennawy/alx/monty/monty)
==21373==    by 0x1095D9: main (in /home/elhennawy/alx/monty/monty)
==21373==  Address 0x4a8b0f0 is 176 bytes inside a block of size 472 free'd
==21373==    at 0x484B27F: free (in /usr/libexec/valgrind/vgpreload_memcheck-amd64-linux.so)
==21373==    by 0x109760: pop (in /home/elhennawy/alx/monty/monty)
==21373==    by 0x1095D9: main (in /home/elhennawy/alx/monty/monty)
==21373==  Block was alloc'd at
==21373==    at 0x4848899: malloc (in /usr/libexec/valgrind/vgpreload_memcheck-amd64-linux.so)
==21373==    by 0x48DF64D: __fopen_internal (iofopen.c:65)
==21373==    by 0x48DF64D: fopen@@GLIBC_2.2.5 (iofopen.c:86)
==21373==    by 0x109533: main (in /home/elhennawy/alx/monty/monty)
==21373== 
==21373== Invalid read of size 8
==21373==    at 0x4A1B87C: buffer_free (in /usr/lib/x86_64-linux-gnu/libc.so.6)
==21373==    by 0x4A1B941: __libc_freeres (in /usr/lib/x86_64-linux-gnu/libc.so.6)
==21373==    by 0x483F1B2: _vgnU_freeres (in /usr/libexec/valgrind/vgpreload_core-amd64-linux.so)
==21373==    by 0x48A5551: __run_exit_handlers (exit.c:136)
==21373==    by 0x48A560F: exit (exit.c:143)
==21373==    by 0x109772: pop (in /home/elhennawy/alx/monty/monty)
==21373==    by 0x1095D9: main (in /home/elhennawy/alx/monty/monty)
==21373==  Address 0x4a8b0e8 is 168 bytes inside a block of size 472 free'd
==21373==    at 0x484B27F: free (in /usr/libexec/valgrind/vgpreload_memcheck-amd64-linux.so)
==21373==    by 0x109760: pop (in /home/elhennawy/alx/monty/monty)
==21373==    by 0x1095D9: main (in /home/elhennawy/alx/monty/monty)
==21373==  Block was alloc'd at
==21373==    at 0x4848899: malloc (in /usr/libexec/valgrind/vgpreload_memcheck-amd64-linux.so)
==21373==    by 0x48DF64D: __fopen_internal (iofopen.c:65)
==21373==    by 0x48DF64D: fopen@@GLIBC_2.2.5 (iofopen.c:86)
==21373==    by 0x109533: main (in /home/elhennawy/alx/monty/monty)
==21373== 
==21373== 
==21373== HEAP SUMMARY:
==21373==     in use at exit: 120 bytes in 1 blocks
==21373==   total heap usage: 8 allocs, 7 frees, 2,160 bytes allocated
==21373== 
==21373== LEAK SUMMARY:
==21373==    definitely lost: 0 bytes in 0 blocks
==21373==    indirectly lost: 0 bytes in 0 blocks
==21373==      possibly lost: 0 bytes in 0 blocks
==21373==    still reachable: 120 bytes in 1 blocks
==21373==         suppressed: 0 bytes in 0 blocks
==21373== Reachable blocks (those to which a pointer was found) are not shown.
==21373== To see them, rerun with: --leak-check=full --show-leak-kinds=all
==21373== 
==21373== For lists of detected and suppressed errors, rerun with: -s
==21373== ERROR SUMMARY: 81 errors from 59 contexts (suppressed: 0 from 0)
